../Drivers/CMSIS/Include/core_cm4.h:1933:34:__NVIC_SystemReset	4	static,ignoring_inline_asm
../LoRaWAN/App/lora_app.c:379:6:LoRaWAN_Init	24	static
../LoRaWAN/App/lora_app.c:502:14:ComputeMagnitude	40	static
../LoRaWAN/App/lora_app.c:515:13:ConfirmDetection	56	static
../LoRaWAN/App/lora_app.c:650:13:SendHeartBeat	24	static
../LoRaWAN/App/lora_app.c:689:13:CheckBatteryVoltage	24	static
../LoRaWAN/App/lora_app.c:743:13:CheckTemperature	40	static
../LoRaWAN/App/lora_app.c:795:13:DoRetransmit	16	static
../LoRaWAN/App/lora_app.c:826:13:join_task	8	static
../LoRaWAN/App/lora_app.c:856:13:WDG_Timer_task	8	static
../LoRaWAN/App/lora_app.c:862:13:OnRxData	16	static
../LoRaWAN/App/lora_app.c:930:13:SendTxData	56	static
../LoRaWAN/App/lora_app.c:1027:13:OnTxTimerEvent	16	static
../LoRaWAN/App/lora_app.c:1044:13:OnConfirmTimerEvent	16	static
../LoRaWAN/App/lora_app.c:1051:13:OnHeartBeatTimerEvent	16	static
../LoRaWAN/App/lora_app.c:1065:13:OnBatteryCheckTimerEvent	16	static
../LoRaWAN/App/lora_app.c:1074:13:OnTemperatureCheckTimerEvent	16	static
../LoRaWAN/App/lora_app.c:1083:13:OnRetransmitTimerEvent	16	static
../LoRaWAN/App/lora_app.c:1091:13:JoinTimerEvent	16	static
../LoRaWAN/App/lora_app.c:1096:13:OnWDGTimerEvent	16	static
../LoRaWAN/App/lora_app.c:1105:13:OnTxData	16	static
../LoRaWAN/App/lora_app.c:1132:13:OnJoinRequest	16	static
../LoRaWAN/App/lora_app.c:1160:13:OnBeaconStatusChange	16	static
../LoRaWAN/App/lora_app.c:1166:13:OnSysTimeUpdate	4	static
../LoRaWAN/App/lora_app.c:1173:13:OnClassChange	16	static
../LoRaWAN/App/lora_app.c:1179:13:OnMacProcessNotify	8	static
../LoRaWAN/App/lora_app.c:1191:13:OnTxPeriodicityChanged	16	static
../LoRaWAN/App/lora_app.c:1213:13:OnTxFrameCtrlChanged	16	static
../LoRaWAN/App/lora_app.c:1224:13:OnPingSlotPeriodicityChanged	16	static
../LoRaWAN/App/lora_app.c:1235:13:OnSystemReset	8	static
../LoRaWAN/App/lora_app.c:1249:13:StopJoin	8	static
../LoRaWAN/App/lora_app.c:1284:13:OnStopJoinTimerEvent	16	static
../LoRaWAN/App/lora_app.c:1298:13:StoreContext	16	static
../LoRaWAN/App/lora_app.c:1320:13:OnNvmDataChange	16	static
../LoRaWAN/App/lora_app.c:1338:13:OnStoreContextRequest	16	static
../LoRaWAN/App/lora_app.c:1353:13:OnRestoreContextRequest	16	static
